MemTotal:        4042128 kB
MemFree:         3584108 kB
MemAvailable:    3562648 kB
Buffers:            9568 kB
Cached:           315836 kB
SwapCached:            0 kB
Active:           176620 kB
Inactive:         202120 kB
Active(anon):     113320 kB
Inactive(anon):   105560 kB
Active(file):      63300 kB
Inactive(file):    96560 kB
Unevictable:           0 kB
Mlocked:               0 kB
SwapTotal:       1048572 kB
SwapFree:        1048572 kB
Dirty:                 0 kB
Writeback:             0 kB
AnonPages:         53348 kB
Mapped:            49140 kB
Shmem:            165548 kB
Slab:              54504 kB
SReclaimable:      38372 kB
SUnreclaim:        16132 kB
KernelStack:        3552 kB
PageTables:         1368 kB
NFS_Unstable:          0 kB
Bounce:                0 kB
WritebackTmp:          0 kB
CommitLimit:     3069636 kB
Committed_AS:     810504 kB
VmallocTotal:   34359738367 kB
VmallocUsed:           0 kB
VmallocChunk:          0 kB
AnonHugePages:         0 kB
ShmemHugePages:        0 kB
ShmemPmdMapped:        0 kB
HugePages_Total:       0
HugePages_Free:        0
HugePages_Rsvd:        0
HugePages_Surp:        0
Hugepagesize:       2048 kB
DirectMap4k:       24576 kB
DirectMap2M:     2072576 kB
DirectMap1G:     4194304 kB
